{
  "version": "1.5.0",
  "plugins_used": [
    {
      "name": "ArtifactoryDetector"
    },
    {
      "name": "AWSKeyDetector"
    },
    {
      "name": "AzureStorageKeyDetector"
    },
    {
      "name": "Base64HighEntropyString",
      "limit": 4.5
    },
    {
      "name": "BasicAuthDetector"
    },
    {
      "name": "CloudantDetector"
    },
    {
      "name": "DiscordBotTokenDetector"
    },
    {
      "name": "GitHubTokenDetector"
    },
    {
      "name": "GitLabTokenDetector"
    },
    {
      "name": "HexHighEntropyString",
      "limit": 3.0
    },
    {
      "name": "IbmCloudIamDetector"
    },
    {
      "name": "IbmCosHmacDetector"
    },
    {
      "name": "IPPublicDetector"
    },
    {
      "name": "JwtTokenDetector"
    },
    {
      "name": "KeywordDetector",
      "keyword_exclude": ""
    },
    {
      "name": "MailchimpDetector"
    },
    {
      "name": "NpmDetector"
    },
    {
      "name": "OpenAIDetector"
    },
    {
      "name": "PrivateKeyDetector"
    },
    {
      "name": "PypiTokenDetector"
    },
    {
      "name": "SendGridDetector"
    },
    {
      "name": "SlackDetector"
    },
    {
      "name": "SoftlayerDetector"
    },
    {
      "name": "SquareOAuthDetector"
    },
    {
      "name": "StripeDetector"
    },
    {
      "name": "TelegramBotTokenDetector"
    },
    {
      "name": "TwilioKeyDetector"
    }
  ],
  "filters_used": [
    {
      "path": "detect_secrets.filters.allowlist.is_line_allowlisted"
    },
    {
      "path": "detect_secrets.filters.common.is_baseline_file",
      "filename": ".secrets.baseline"
    },
    {
      "path": "detect_secrets.filters.common.is_ignored_due_to_verification_policies",
      "min_level": 2
    },
    {
      "path": "detect_secrets.filters.heuristic.is_indirect_reference"
    },
    {
      "path": "detect_secrets.filters.heuristic.is_likely_id_string"
    },
    {
      "path": "detect_secrets.filters.heuristic.is_lock_file"
    },
    {
      "path": "detect_secrets.filters.heuristic.is_not_alphanumeric_string"
    },
    {
      "path": "detect_secrets.filters.heuristic.is_potential_uuid"
    },
    {
      "path": "detect_secrets.filters.heuristic.is_prefixed_with_dollar_sign"
    },
    {
      "path": "detect_secrets.filters.heuristic.is_sequential_string"
    },
    {
      "path": "detect_secrets.filters.heuristic.is_swagger_file"
    },
    {
      "path": "detect_secrets.filters.heuristic.is_templated_secret"
    }
  ],
  "results": {
    "scripts/template_setup.toml": [
      {
        "type": "Secret Keyword",
        "filename": "scripts/template_setup.toml",
        "hashed_secret": "5ffe533b830f08a0326348a9160afafc8ada44db",
        "is_verified": false,
        "line_number": 65,
        "is_secret": false
      }
    ],
    "scripts/template_setup/reinit_git.py": [
      {
        "type": "Hex High Entropy String",
        "filename": "scripts/template_setup/reinit_git.py",
        "hashed_secret": "616f8c2a585d4910befeb887991df02cc646e20d",
        "is_verified": false,
        "line_number": 27,
        "is_secret": false
      }
    ],
    "src/python_repo_template/config/schema.py": [
      {
        "type": "Secret Keyword",
        "filename": "src/python_repo_template/config/schema.py",
        "hashed_secret": "379d0aba97e67031262a9f53632b350a85512e9b",
        "is_verified": false,
        "line_number": 154,
        "is_secret": false
      }
    ],
    "src/python_repo_template/config/secrets.py": [
      {
        "type": "Secret Keyword",
        "filename": "src/python_repo_template/config/secrets.py",
        "hashed_secret": "57f4f3e6874ed0f0b5f779ea2e20bea920505f60",
        "is_verified": false,
        "line_number": 77,
        "is_secret": false
      }
    ],
    "tests/_config_test_object.py": [
      {
        "type": "Secret Keyword",
        "filename": "tests/_config_test_object.py",
        "hashed_secret": "f5b216fa70c6c78b9e7f2f4d1d827f17371c907d",
        "is_verified": false,
        "line_number": 27,
        "is_secret": false
      }
    ],
    "tests/test_config_cli.py": [
      {
        "type": "Secret Keyword",
        "filename": "tests/test_config_cli.py",
        "hashed_secret": "ee977806d7286510da8b9a7492ba58e2484c0ecc",
        "is_verified": false,
        "line_number": 157,
        "is_secret": false
      },
      {
        "type": "Secret Keyword",
        "filename": "tests/test_config_cli.py",
        "hashed_secret": "488c523aba250fca32e2428aa9974554d5912d2e",
        "is_verified": false,
        "line_number": 502,
        "is_secret": false
      },
      {
        "type": "Secret Keyword",
        "filename": "tests/test_config_cli.py",
        "hashed_secret": "3a200a802db541ce4fb2d0adff7d58ebb8b6f380",
        "is_verified": false,
        "line_number": 519,
        "is_secret": false
      }
    ],
    "tests/test_config_file.py": [
      {
        "type": "Secret Keyword",
        "filename": "tests/test_config_file.py",
        "hashed_secret": "3a200a802db541ce4fb2d0adff7d58ebb8b6f380",
        "is_verified": false,
        "line_number": 108,
        "is_secret": false
      }
    ],
    "tests/test_config_schema.py": [
      {
        "type": "Secret Keyword",
        "filename": "tests/test_config_schema.py",
        "hashed_secret": "3a200a802db541ce4fb2d0adff7d58ebb8b6f380",
        "is_verified": false,
        "line_number": 104,
        "is_secret": false
      }
    ],
    "tests/test_config_secrets.py": [
      {
        "type": "Secret Keyword",
        "filename": "tests/test_config_secrets.py",
        "hashed_secret": "ee977806d7286510da8b9a7492ba58e2484c0ecc",
        "is_verified": false,
        "line_number": 68,
        "is_secret": false
      },
      {
        "type": "Secret Keyword",
        "filename": "tests/test_config_secrets.py",
        "hashed_secret": "3a200a802db541ce4fb2d0adff7d58ebb8b6f380",
        "is_verified": false,
        "line_number": 152,
        "is_secret": false
      },
      {
        "type": "Secret Keyword",
        "filename": "tests/test_config_secrets.py",
        "hashed_secret": "af2c7b4ca07ae6c74d261bc745e174df8ab3ffef",
        "is_verified": false,
        "line_number": 202,
        "is_secret": false
      },
      {
        "type": "Secret Keyword",
        "filename": "tests/test_config_secrets.py",
        "hashed_secret": "d9f02d46be016f1b301f7c02a4b9c4ebe0dde7ef",
        "is_verified": false,
        "line_number": 203,
        "is_secret": false
      }
    ]
  },
  "generated_at": "2026-09-07T05:22:59Z"
}
